0 verbose cli D:\node.exe D:\node_modules\npm\bin\npm-cli.js
1 info using npm@11.19.0
2 info using node@v24.20.0
3 silly config load:file:D:\node_modules\npm\npmrc
4 silly config load:file:D:\bunnyyyy\Abinash Projects\NexusFlow-ERP-CRM\backend\.npmrc
5 silly config load:file:C:\Users\D E L L\.npmrc
6 silly config load:file:C:\Users\D E L L\AppData\Roaming\npm\etc\npmrc
7 verbose title npm audit
8 verbose argv "audit" "--omit" "dev" "--audit-level" "high"
9 verbose logfile logs-max:10 dir:D:\bunnyyyy\Abinash Projects\NexusFlow-ERP-CRM\.npm-cache\_logs\2026-09-03T05_35_00_357Z-
10 verbose logfile D:\bunnyyyy\Abinash Projects\NexusFlow-ERP-CRM\.npm-cache\_logs\2026-09-03T05_35_00_357Z-debug-0.log
0 verbose cli D:\node.exe D:\node_modules\npm\bin\npm-cli.js
1 info using npm@11.19.0
2 info using node@v24.20.0
3 silly config load:file:D:\node_modules\npm\npmrc
4 silly config load:file:D:\bunnyyyy\Abinash Projects\NexusFlow-ERP-CRM\frontend\.npmrc
5 silly config load:file:C:\Users\D E L L\.npmrc
6 silly config load:file:C:\Users\D E L L\AppData\Roaming\npm\etc\npmrc
7 verbose title npm audit
8 verbose argv "audit" "--omit" "dev" "--audit-level" "high"
9 verbose logfile logs-max:10 dir:D:\bunnyyyy\Abinash Projects\NexusFlow-ERP-CRM\.npm-cache\_logs\2026-09-03T05_35_00_357Z-
10 verbose logfile D:\bunnyyyy\Abinash Projects\NexusFlow-ERP-CRM\.npm-cache\_logs\2026-09-03T05_35_00_357Z-debug-0.log
11 silly logfile done cleaning log files
12 silly packumentCache heap:2348810240 maxSize:587202560 maxEntrySize:293601280
11 silly logfile done cleaning log files
12 silly packumentCache heap:2348810240 maxSize:587202560 maxEntrySize:293601280
13 silly audit bulk request {
13 silly audit   '@remix-run/router': [ '1.23.4' ],
13 silly audit   'agent-base': [ '6.0.2' ],
13 silly audit   asynckit: [ '0.4.0' ],
13 silly audit   axios: [ '1.20.0' ],
13 silly audit   'call-bind-apply-helpers': [ '1.0.2' ],
13 silly audit   'combined-stream': [ '1.0.8' ],
13 silly audit   debug: [ '4.4.3' ],
13 silly audit   'delayed-stream': [ '1.0.0' ],
13 silly audit   'dunder-proto': [ '1.0.1' ],
13 silly audit   'es-define-property': [ '1.0.1' ],
13 silly audit   'es-errors': [ '1.3.0' ],
13 silly audit   'es-object-atoms': [ '1.1.2' ],
13 silly audit   'es-set-tostringtag': [ '2.1.0' ],
13 silly audit   'follow-redirects': [ '1.16.0' ],
13 silly audit   'form-data': [ '4.0.6' ],
13 silly audit   'function-bind': [ '1.1.2' ],
13 silly audit   'get-intrinsic': [ '1.3.0' ],
13 silly audit   'get-proto': [ '1.0.1' ],
13 silly audit   gopd: [ '1.2.0' ],
13 silly audit   'has-symbols': [ '1.1.0' ],
13 silly audit   'has-tostringtag': [ '1.0.2' ],
13 silly audit   hasown: [ '2.0.4' ],
13 silly audit   'https-proxy-agent': [ '5.0.1' ],
13 silly audit   'js-tokens': [ '4.0.0' ],
13 silly audit   'loose-envify': [ '1.4.0' ],
13 silly audit   'math-intrinsics': [ '1.1.0' ],
13 silly audit   'mime-db': [ '1.52.0' ],
13 silly audit   'mime-types': [ '2.1.35' ],
13 silly audit   ms: [ '2.1.3' ],
13 silly audit   'proxy-from-env': [ '2.1.0' ],
13 silly audit   react: [ '18.3.1' ],
13 silly audit   'react-dom': [ '18.3.1' ],
13 silly audit   'react-router': [ '6.30.6' ],
13 silly audit   'react-router-dom': [ '6.30.6' ],
13 silly audit   scheduler: [ '0.23.2' ]
13 silly audit }
13 silly audit bulk request {
13 silly audit   accepts: [ '1.3.8' ],
13 silly audit   'array-flatten': [ '1.1.1' ],
13 silly audit   bcryptjs: [ '2.4.3' ],
13 silly audit   'body-parser': [ '1.20.6' ],
13 silly audit   'buffer-equal-constant-time': [ '1.0.1' ],
13 silly audit   bytes: [ '3.1.2' ],
13 silly audit   'call-bind-apply-helpers': [ '1.0.2' ],
13 silly audit   'call-bound': [ '1.0.4' ],
13 silly audit   'content-disposition': [ '0.5.4' ],
13 silly audit   'content-type': [ '1.0.5' ],
13 silly audit   cookie: [ '0.7.2' ],
13 silly audit   'cookie-signature': [ '1.0.6' ],
13 silly audit   cors: [ '2.8.5' ],
13 silly audit   debug: [ '2.6.9' ],
13 silly audit   depd: [ '2.0.0' ],
13 silly audit   destroy: [ '1.2.0' ],
13 silly audit   dotenv: [ '16.4.5' ],
13 silly audit   'dunder-proto': [ '1.0.1' ],
13 silly audit   'ecdsa-sig-formatter': [ '1.0.11' ],
13 silly audit   'ee-first': [ '1.1.1' ],
13 silly audit   encodeurl: [ '2.0.0' ],
13 silly audit   'es-define-property': [ '1.0.1' ],
13 silly audit   'es-errors': [ '1.3.0' ],
13 silly audit   'es-object-atoms': [ '1.1.2' ],
13 silly audit   'escape-html': [ '1.0.3' ],
13 silly audit   etag: [ '1.8.1' ],
13 silly audit   express: [ '4.22.2' ],
13 silly audit   finalhandler: [ '1.3.2' ],
13 silly audit   forwarded: [ '0.2.0' ],
13 silly audit   fresh: [ '0.5.2' ],
13 silly audit   'function-bind': [ '1.1.2' ],
13 silly audit   'get-intrinsic': [ '1.3.0' ],
13 silly audit   'get-proto': [ '1.0.1' ],
13 silly audit   gopd: [ '1.2.0' ],
13 silly audit   'has-symbols': [ '1.1.0' ],
13 silly audit   hasown: [ '2.0.4' ],
13 silly audit   'http-errors': [ '2.0.1' ],
13 silly audit   'iconv-lite': [ '0.4.24' ],
13 silly audit   inherits: [ '2.0.4' ],
13 silly audit   'ipaddr.js': [ '1.9.1' ],
13 silly audit   jsonwebtoken: [ '9.0.2' ],
13 silly audit   ms: [ '2.1.3', '2.0.0' ],
13 silly audit   jwa: [ '1.4.2' ],
13 silly audit   jws: [ '3.2.3' ],
13 silly audit   'lodash.includes': [ '4.3.0' ],
13 silly audit   'lodash.isboolean': [ '3.0.3' ],
13 silly audit   'lodash.isinteger': [ '4.0.4' ],
13 silly audit   'lodash.isnumber': [ '3.0.3' ],
13 silly audit   'lodash.isplainobject': [ '4.0.6' ],
13 silly audit   'lodash.isstring': [ '4.0.1' ],
13 silly audit   'lodash.once': [ '4.1.1' ],
13 silly audit   'math-intrinsics': [ '1.1.0' ],
13 silly audit   'media-typer': [ '0.3.0' ],
13 silly audit   'merge-descriptors': [ '1.0.3' ],
13 silly audit   methods: [ '1.1.2' ],
13 silly audit   mime: [ '1.6.0' ],
13 silly audit   'mime-db': [ '1.52.0' ],
13 silly audit   'mime-types': [ '2.1.35' ],
13 silly audit   negotiator: [ '0.6.3' ],
13 silly audit   'object-assign': [ '4.1.1' ],
13 silly audit   'object-inspect': [ '1.13.4' ],
13 silly audit   'on-finished': [ '2.4.1' ],
13 silly audit   parseurl: [ '1.3.3' ],
13 silly audit   'path-to-regexp': [ '0.1.13' ],
13 silly audit   pg: [ '8.12.0' ],
13 silly audit   'pg-cloudflare': [ '1.4.0' ],
13 silly audit   'pg-connection-string': [ '2.14.0' ],
13 silly audit   'pg-int8': [ '1.0.1' ],
13 silly audit   'pg-pool': [ '3.14.0' ],
13 silly audit   'pg-protocol': [ '1.16.0' ],
13 silly audit   'pg-types': [ '2.2.0' ],
13 silly audit   'postgres-array': [ '2.0.0' ],
13 silly audit   'postgres-bytea': [ '1.0.1' ],
13 silly audit   'postgres-date': [ '1.0.7' ],
13 silly audit   'postgres-interval': [ '1.2.0' ],
13 silly audit   pgpass: [ '1.0.6' ],
13 silly audit   'proxy-addr': [ '2.0.7' ],
13 silly audit   qs: [ '6.15.3' ],
13 silly audit   'range-parser': [ '1.2.1' ],
13 silly audit   'raw-body': [ '2.5.3' ],
13 silly audit   'safe-buffer': [ '5.2.1' ],
13 silly audit   'safer-buffer': [ '2.1.2' ],
13 silly audit   semver: [ '7.8.5' ],
13 silly audit   send: [ '0.19.2' ],
13 silly audit   'serve-static': [ '1.16.3' ],
13 silly audit   setprototypeof: [ '1.2.0' ],
13 silly audit   'side-channel': [ '1.1.1' ],
13 silly audit   'side-channel-list': [ '1.0.1' ],
13 silly audit   'side-channel-map': [ '1.0.1' ],
13 silly audit   'side-channel-weakmap': [ '1.0.2' ],
13 silly audit   statuses: [ '2.0.2' ],
13 silly audit   toidentifier: [ '1.0.1' ],
13 silly audit   'type-is': [ '1.6.18' ],
13 silly audit   unpipe: [ '1.0.0' ],
13 silly audit   'utils-merge': [ '1.0.1' ],
13 silly audit   vary: [ '1.1.2' ],
13 silly audit   xtend: [ '4.0.2' ],
13 silly audit   zod: [ '3.23.8' ]
13 silly audit }
14 http fetch POST 200 https://registry.npmjs.org/-/npm/v1/security/advisories/bulk 489ms
15 silly audit report {
15 silly audit report   'react-router': [
15 silly audit report     {
15 silly audit report       id: 1124268,
15 silly audit report       url: 'https://github.com/advisories/GHSA-wrjc-x8rr-h8h6',
15 silly audit report       title: 'React Router: Open redirect via backslash in <Link> and useNavigate (CVE-2025-68470 bypass)',
15 silly audit report       severity: 'moderate',
15 silly audit report       vulnerable_versions: '>=6.0.0 <7.18.0',
15 silly audit report       cwe: [Array],
15 silly audit report       cvss: [Object]
15 silly audit report     },
15 silly audit report     {
15 silly audit report       id: 1124272,
15 silly audit report       url: 'https://github.com/advisories/GHSA-337j-9hxr-rhxg',
15 silly audit report       title: 'React Router: Arbitrary Constructor Injection via deserializeErrors() in React Router SSR Hydration',
15 silly audit report       severity: 'moderate',
15 silly audit report       vulnerable_versions: '>=6.4.0 <7.18.0',
15 silly audit report       cwe: [Array],
15 silly audit report       cvss: [Object]
15 silly audit report     }
15 silly audit report   ]
15 silly audit report }
16 silly packumentCache corgi:https://registry.npmjs.org/react-router cache-miss
17 http cache https://registry.npmjs.org/react-router 23ms (cache hit)
18 silly packumentCache corgi:https://registry.npmjs.org/react-router set size:1360070 disposed:false
19 silly packumentCache corgi:https://registry.npmjs.org/react-router-dom cache-miss
14 http fetch POST 200 https://registry.npmjs.org/-/npm/v1/security/advisories/bulk 508ms
15 silly audit report {
15 silly audit report   qs: [
15 silly audit report     {
15 silly audit report       id: 1158506,
15 silly audit report       url: 'https://github.com/advisories/GHSA-x5fp-wj9c-mxmx',
15 silly audit report       title: 'qs array-limit bypass via bracket-key comma parsing',
15 silly audit report       severity: 'moderate',
15 silly audit report       vulnerable_versions: '>=6.14.2 <=6.15.3',
15 silly audit report       cwe: [Array],
15 silly audit report       cvss: [Object]
15 silly audit report     },
15 silly audit report     {
15 silly audit report       id: 1158507,
15 silly audit report       url: 'https://github.com/advisories/GHSA-4mjr-xmp4-gh2g',
15 silly audit report       title: 'qs: Denial of Service via Attacker Controlled isBuffer',
15 silly audit report       severity: 'moderate',
15 silly audit report       vulnerable_versions: '>=2.2.5 <6.16.0',
15 silly audit report       cwe: [Array],
15 silly audit report       cvss: [Object]
15 silly audit report     }
15 silly audit report   ]
15 silly audit report }
16 silly packumentCache corgi:https://registry.npmjs.org/qs cache-miss
20 http cache https://registry.npmjs.org/react-router-dom 12ms (cache hit)
21 silly packumentCache corgi:https://registry.npmjs.org/react-router-dom set size:1065956 disposed:false
17 http cache https://registry.npmjs.org/qs 24ms (cache hit)
18 silly packumentCache corgi:https://registry.npmjs.org/qs set size:149425 disposed:false
19 silly packumentCache corgi:https://registry.npmjs.org/body-parser cache-miss
20 silly packumentCache corgi:https://registry.npmjs.org/express cache-miss
21 http cache https://registry.npmjs.org/express 18ms (cache hit)
22 silly packumentCache corgi:https://registry.npmjs.org/express set size:339376 disposed:false
23 http cache https://registry.npmjs.org/body-parser 63ms (cache hit)
24 silly packumentCache corgi:https://registry.npmjs.org/body-parser set size:81203 disposed:false
25 verbose cwd D:\bunnyyyy\Abinash Projects\NexusFlow-ERP-CRM\backend
26 verbose os Windows_NT 10.0.19045
27 verbose node v24.20.0
28 verbose npm  v11.19.0
29 verbose exit 0
30 info ok
22 verbose cwd D:\bunnyyyy\Abinash Projects\NexusFlow-ERP-CRM\frontend
23 verbose os Windows_NT 10.0.19045
24 verbose node v24.20.0
25 verbose npm  v11.19.0
26 verbose exit 0
27 info ok
